2026-08-06T14:02:32.6929600Z Current runner version: '2.336.0'
2026-08-06T14:02:32.6966102Z ##[group]Runner Image Provisioner
2026-08-06T14:02:32.6967470Z Hosted Compute Agent
2026-08-06T14:02:32.6968386Z Version: 20260707.563
2026-08-06T14:02:32.6969475Z Commit: 02667638d2b423fbc733a8e32a88b44996a3ba6e
2026-08-06T14:02:32.6970820Z Build Date: 2026-07-07T19:33:50Z
2026-08-06T14:02:32.6971876Z Worker ID: {d9443ed6-a4bd-4ea0-a5f8-2e094144ac5f}
2026-08-06T14:02:32.6973074Z Azure Region: eastus
2026-08-06T14:02:32.6973919Z ##[endgroup]
2026-08-06T14:02:32.6976213Z ##[group]Operating System
2026-08-06T14:02:32.6977259Z Ubuntu
2026-08-06T14:02:32.6978052Z 24.04.4
2026-08-06T14:02:32.6978973Z LTS
2026-08-06T14:02:32.6979783Z ##[endgroup]
2026-08-06T14:02:32.6981475Z ##[group]Runner Image
2026-08-06T14:02:32.6982505Z Image: ubuntu-24.04
2026-08-06T14:02:32.6983378Z Version: 20260720.247.2
2026-08-06T14:02:32.6985449Z Included Software: https://github.com/actions/runner-images/blob/ubuntu24/20260720.247/images/ubuntu/Ubuntu2404-Readme.md
2026-08-06T14:02:32.6988095Z Image Release: https://github.com/actions/runner-images/releases/tag/ubuntu24%2F20260720.247
2026-08-06T14:02:32.6989688Z ##[endgroup]
2026-08-06T14:02:32.6991848Z ##[group]GITHUB_TOKEN Permissions
2026-08-06T14:02:32.6994809Z Contents: read
2026-08-06T14:02:32.6995931Z Metadata: read
2026-08-06T14:02:32.6996773Z Pages: write
2026-08-06T14:02:32.6997698Z ##[endgroup]
2026-08-06T14:02:32.7002067Z Secret source: Actions
2026-08-06T14:02:32.7003815Z Prepare workflow directory
2026-08-06T14:02:32.7472457Z Prepare all required actions
2026-08-06T14:02:32.7540740Z Getting action download info
2026-08-06T14:02:32.9252164Z Download action repository 'actions/deploy-pages@v4' (SHA:d6db90164ac5ed86f2b6aed7e0febac5b3c0c03e)
2026-08-06T14:02:33.3555276Z Complete job name: deploy
2026-08-06T14:02:33.4320106Z Node 20 is being deprecated. This workflow is running with Node 24 by default. If you need to temporarily use Node 20, you can set the ACTIONS_ALLOW_USE_UNSECURE_NODE_VERSION=true environment variable. For more information see: https://github.blog/changelog/2025-09-19-deprecation-of-node-20-on-github-actions-runners/
2026-08-06T14:02:33.4328628Z ##[group]Run actions/deploy-pages@v4
2026-08-06T14:02:33.4329345Z with:
2026-08-06T14:02:33.4333663Z   token: ***
2026-08-06T14:02:33.4334105Z   timeout: 600000
2026-08-06T14:02:33.4334540Z   error_count: 10
2026-08-06T14:02:33.4334976Z   reporting_interval: 5000
2026-08-06T14:02:33.4335468Z   artifact_name: github-pages
2026-08-06T14:02:33.4335971Z   preview: false
2026-08-06T14:02:33.4336667Z ##[endgroup]
2026-08-06T14:02:33.6187178Z (node:2121) [DEP0040] DeprecationWarning: The `punycode` module is deprecated. Please use a userland alternative instead.
2026-08-06T14:02:33.6188834Z (Use `node --trace-deprecation ...` to show where the warning was created)
2026-08-06T14:02:33.7486334Z Fetching artifact metadata for "github-pages" in this workflow run
2026-08-06T14:02:33.8223978Z Found 1 artifact(s)
2026-08-06T14:02:33.8236174Z Creating Pages deployment with payload:
2026-08-06T14:02:33.8236979Z {
2026-08-06T14:02:33.8237486Z 	"artifact_id": 8970742650,
2026-08-06T14:02:33.8238239Z 	"pages_build_version": "945f4d9bca7d8a77fad9b170115d161ee1f0c735",
2026-08-06T14:02:33.8286420Z 	"oidc_token": "***"
2026-08-06T14:02:33.8286983Z }
2026-08-06T14:02:34.1418418Z Created deployment for 945f4d9bca7d8a77fad9b170115d161ee1f0c735, ID: 945f4d9bca7d8a77fad9b170115d161ee1f0c735
2026-08-06T14:02:39.1436084Z Getting Pages deployment status...
2026-08-06T14:02:39.2843734Z Current status: deployment_queued
2026-08-06T14:02:44.2855182Z Getting Pages deployment status...
2026-08-06T14:02:44.4511338Z Current status: deployment_queued
2026-08-06T14:02:49.4512137Z Getting Pages deployment status...
2026-08-06T14:02:49.5790228Z Current status: deployment_queued
2026-08-06T14:02:54.5789981Z Getting Pages deployment status...
2026-08-06T14:02:54.7231160Z Current status: deployment_queued
2026-08-06T14:02:59.7230743Z Getting Pages deployment status...
2026-08-06T14:03:00.4382916Z Current status: deployment_queued
2026-08-06T14:03:05.4402092Z Getting Pages deployment status...
2026-08-06T14:03:05.6740760Z Current status: deployment_queued
2026-08-06T14:03:10.6743978Z Getting Pages deployment status...
2026-08-06T14:03:10.8146170Z Current status: deployment_queued
2026-08-06T14:03:15.8154160Z Getting Pages deployment status...
2026-08-06T14:03:15.9827784Z Current status: deployment_queued
2026-08-06T14:03:20.9839128Z Getting Pages deployment status...
2026-08-06T14:03:21.4607914Z Current status: deployment_queued
2026-08-06T14:03:26.4617773Z Getting Pages deployment status...
2026-08-06T14:03:26.6481983Z Current status: deployment_queued
2026-08-06T14:03:31.6496386Z Getting Pages deployment status...
2026-08-06T14:03:32.5098103Z Current status: deployment_queued
2026-08-06T14:03:37.5105010Z Getting Pages deployment status...
2026-08-06T14:03:37.6250756Z Current status: deployment_queued
2026-08-06T14:03:42.6247931Z Getting Pages deployment status...
2026-08-06T14:03:42.7553861Z Current status: deployment_queued
2026-08-06T14:03:47.7564850Z Getting Pages deployment status...
2026-08-06T14:03:47.9080488Z Current status: deployment_queued
2026-08-06T14:03:52.9088816Z Getting Pages deployment status...
2026-08-06T14:03:53.0538648Z Current status: deployment_queued
2026-08-06T14:03:58.0547287Z Getting Pages deployment status...
2026-08-06T14:03:58.2612504Z Current status: deployment_queued
2026-08-06T14:04:03.2619082Z Getting Pages deployment status...
2026-08-06T14:04:03.3898762Z Current status: deployment_queued
2026-08-06T14:04:08.3905342Z Getting Pages deployment status...
2026-08-06T14:04:08.5268370Z Current status: deployment_queued
2026-08-06T14:04:13.5274124Z Getting Pages deployment status...
2026-08-06T14:04:13.6725626Z Current status: deployment_queued
2026-08-06T14:04:18.6732863Z Getting Pages deployment status...
2026-08-06T14:04:18.8792193Z Current status: deployment_queued
2026-08-06T14:04:23.8800734Z Getting Pages deployment status...
2026-08-06T14:04:24.0103365Z Current status: deployment_queued
2026-08-06T14:04:29.0110085Z Getting Pages deployment status...
2026-08-06T14:04:29.1333633Z Current status: deployment_queued
2026-08-06T14:04:34.1342033Z Getting Pages deployment status...
2026-08-06T14:04:34.3117017Z Current status: deployment_queued
2026-08-06T14:04:39.3125361Z Getting Pages deployment status...
2026-08-06T14:04:39.4521045Z Current status: deployment_queued
2026-08-06T14:04:44.4517681Z Getting Pages deployment status...
2026-08-06T14:04:44.5723102Z Current status: deployment_queued
2026-08-06T14:04:49.5732271Z Getting Pages deployment status...
2026-08-06T14:04:49.7308293Z Current status: deployment_queued
2026-08-06T14:04:54.7312580Z Getting Pages deployment status...
2026-08-06T14:04:54.8570996Z Current status: deployment_queued
2026-08-06T14:04:59.8566764Z Getting Pages deployment status...
2026-08-06T14:04:59.9878371Z Current status: deployment_queued
2026-08-06T14:05:04.9884666Z Getting Pages deployment status...
2026-08-06T14:05:05.1118220Z Current status: deployment_queued
2026-08-06T14:05:10.1124294Z Getting Pages deployment status...
2026-08-06T14:05:10.3685283Z Current status: deployment_queued
2026-08-06T14:05:15.3692042Z Getting Pages deployment status...
2026-08-06T14:05:15.4754662Z Current status: deployment_queued
2026-08-06T14:05:20.4761583Z Getting Pages deployment status...
2026-08-06T14:05:20.6107464Z Current status: deployment_queued
2026-08-06T14:05:25.6115037Z Getting Pages deployment status...
2026-08-06T14:05:25.7486797Z Current status: deployment_queued
2026-08-06T14:05:30.7494330Z Getting Pages deployment status...
2026-08-06T14:05:30.8846589Z Current status: deployment_queued
2026-08-06T14:05:35.8853693Z Getting Pages deployment status...
2026-08-06T14:05:36.1320661Z Current status: deployment_queued
2026-08-06T14:05:41.1317266Z Getting Pages deployment status...
2026-08-06T14:05:41.2592900Z Current status: deployment_queued
2026-08-06T14:05:46.2598938Z Getting Pages deployment status...
2026-08-06T14:05:46.4097337Z Current status: deployment_queued
2026-08-06T14:05:51.4103915Z Getting Pages deployment status...
2026-08-06T14:05:51.5362526Z Current status: deployment_queued
2026-08-06T14:05:56.5369058Z Getting Pages deployment status...
2026-08-06T14:05:56.6617157Z Current status: deployment_queued
2026-08-06T14:06:01.6613872Z Getting Pages deployment status...
2026-08-06T14:06:01.7990993Z Current status: deployment_queued
2026-08-06T14:06:06.7987414Z Getting Pages deployment status...
2026-08-06T14:06:08.1969131Z Current status: deployment_queued
2026-08-06T14:06:13.1978766Z Getting Pages deployment status...
2026-08-06T14:06:13.3489177Z Current status: deployment_in_progress
2026-08-06T14:06:18.3494884Z Getting Pages deployment status...
2026-08-06T14:06:18.5102891Z Current status: deployment_queued
2026-08-06T14:06:23.5108986Z Getting Pages deployment status...
2026-08-06T14:06:23.6241006Z Current status: deployment_queued
2026-08-06T14:06:28.6236803Z Getting Pages deployment status...
2026-08-06T14:06:29.3449392Z Current status: deployment_queued
2026-08-06T14:06:34.3456955Z Getting Pages deployment status...
2026-08-06T14:06:36.7362693Z Current status: deployment_queued
2026-08-06T14:06:41.7377569Z Getting Pages deployment status...
2026-08-06T14:06:41.8535158Z Current status: deployment_in_progress
2026-08-06T14:06:46.8541346Z Getting Pages deployment status...
2026-08-06T14:06:46.9599976Z Current status: deployment_in_progress
2026-08-06T14:06:51.9597057Z Getting Pages deployment status...
2026-08-06T14:06:52.1127978Z Current status: deployment_in_progress
2026-08-06T14:06:57.1135389Z Getting Pages deployment status...
2026-08-06T14:06:57.2574043Z Current status: deployment_in_progress
2026-08-06T14:07:02.2580655Z Getting Pages deployment status...
2026-08-06T14:07:02.4051414Z Current status: deployment_in_progress
2026-08-06T14:07:07.4050624Z Getting Pages deployment status...
2026-08-06T14:07:07.5528156Z Current status: deployment_in_progress
2026-08-06T14:07:12.5524012Z Getting Pages deployment status...
2026-08-06T14:07:12.6792590Z Current status: deployment_in_progress
2026-08-06T14:07:17.6799200Z Getting Pages deployment status...
2026-08-06T14:07:17.8273309Z Current status: deployment_in_progress
2026-08-06T14:07:22.8283558Z Getting Pages deployment status...
2026-08-06T14:07:22.9906256Z Current status: deployment_in_progress
2026-08-06T14:07:27.9914125Z Getting Pages deployment status...
2026-08-06T14:07:28.1096833Z Current status: deployment_in_progress
2026-08-06T14:07:33.1102005Z Getting Pages deployment status...
2026-08-06T14:07:33.2328238Z Current status: deployment_in_progress
2026-08-06T14:07:38.2334783Z Getting Pages deployment status...
2026-08-06T14:07:38.3694073Z Current status: deployment_in_progress
2026-08-06T14:07:43.3699626Z Getting Pages deployment status...
2026-08-06T14:07:43.5199987Z Current status: deployment_in_progress
2026-08-06T14:07:48.5215516Z Getting Pages deployment status...
2026-08-06T14:07:48.6736114Z Current status: deployment_in_progress
2026-08-06T14:07:53.6741627Z Getting Pages deployment status...
2026-08-06T14:07:53.8316652Z Current status: deployment_in_progress
2026-08-06T14:07:58.8322098Z Getting Pages deployment status...
2026-08-06T14:07:58.9763118Z Current status: deployment_in_progress
2026-08-06T14:08:03.9769349Z Getting Pages deployment status...
2026-08-06T14:08:04.1125352Z Current status: deployment_in_progress
2026-08-06T14:08:09.1131873Z Getting Pages deployment status...
2026-08-06T14:08:09.2651409Z Current status: deployment_in_progress
2026-08-06T14:08:14.2647377Z Getting Pages deployment status...
2026-08-06T14:08:14.3775415Z Current status: deployment_in_progress
2026-08-06T14:08:19.3781276Z Getting Pages deployment status...
2026-08-06T14:08:19.4943663Z Current status: deployment_in_progress
2026-08-06T14:08:24.4949243Z Getting Pages deployment status...
2026-08-06T14:08:24.6089926Z Current status: deployment_in_progress
2026-08-06T14:08:29.6086670Z Getting Pages deployment status...
2026-08-06T14:08:29.7922153Z Current status: deployment_in_progress
2026-08-06T14:08:34.7928379Z Getting Pages deployment status...
2026-08-06T14:08:34.9705705Z Current status: deployment_in_progress
2026-08-06T14:08:39.9711877Z Getting Pages deployment status...
2026-08-06T14:08:40.0999444Z Current status: deployment_in_progress
2026-08-06T14:08:45.1005159Z Getting Pages deployment status...
2026-08-06T14:08:45.2367014Z Current status: deployment_in_progress
2026-08-06T14:08:50.2375200Z Getting Pages deployment status...
2026-08-06T14:08:50.3770561Z Current status: deployment_in_progress
2026-08-06T14:08:55.3775171Z Getting Pages deployment status...
2026-08-06T14:08:55.5164673Z Current status: deployment_in_progress
2026-08-06T14:09:00.5171411Z Getting Pages deployment status...
2026-08-06T14:09:00.6485880Z Current status: deployment_in_progress
2026-08-06T14:09:05.6491347Z Getting Pages deployment status...
2026-08-06T14:09:05.8006789Z Current status: deployment_in_progress
2026-08-06T14:09:10.8013499Z Getting Pages deployment status...
2026-08-06T14:09:10.9381535Z Current status: deployment_in_progress
2026-08-06T14:09:15.9376852Z Getting Pages deployment status...
2026-08-06T14:09:16.0883180Z Current status: deployment_in_progress
2026-08-06T14:09:21.0888871Z Getting Pages deployment status...
2026-08-06T14:09:21.2248768Z Current status: deployment_in_progress
2026-08-06T14:09:26.2254232Z Getting Pages deployment status...
2026-08-06T14:09:26.3165200Z Current status: deployment_in_progress
2026-08-06T14:09:31.3171881Z Getting Pages deployment status...
2026-08-06T14:09:31.4477142Z Current status: deployment_in_progress
2026-08-06T14:09:36.4482883Z Getting Pages deployment status...
2026-08-06T14:09:36.5504660Z Current status: deployment_in_progress
2026-08-06T14:09:41.5510526Z Getting Pages deployment status...
2026-08-06T14:09:41.6812031Z Current status: deployment_in_progress
2026-08-06T14:09:46.6819222Z Getting Pages deployment status...
2026-08-06T14:09:46.8169439Z Current status: deployment_in_progress
2026-08-06T14:09:51.8174851Z Getting Pages deployment status...
2026-08-06T14:09:51.9517506Z Current status: deployment_in_progress
2026-08-06T14:09:56.9526083Z Getting Pages deployment status...
2026-08-06T14:09:57.0670834Z Current status: deployment_in_progress
2026-08-06T14:10:02.0667777Z Getting Pages deployment status...
2026-08-06T14:10:02.1754391Z Current status: deployment_in_progress
2026-08-06T14:10:07.1759122Z Getting Pages deployment status...
2026-08-06T14:10:07.2662034Z Current status: deployment_in_progress
2026-08-06T14:10:12.2667672Z Getting Pages deployment status...
2026-08-06T14:10:12.4406091Z Current status: deployment_in_progress
2026-08-06T14:10:17.4411524Z Getting Pages deployment status...
2026-08-06T14:10:17.6103424Z Current status: deployment_in_progress
2026-08-06T14:10:22.6109280Z Getting Pages deployment status...
2026-08-06T14:10:22.7992233Z Current status: deployment_in_progress
2026-08-06T14:10:27.7998169Z Getting Pages deployment status...
2026-08-06T14:10:27.9349259Z Current status: deployment_in_progress
2026-08-06T14:10:32.9354741Z Getting Pages deployment status...
2026-08-06T14:10:33.0639363Z Current status: deployment_in_progress
2026-08-06T14:10:38.0635140Z Getting Pages deployment status...
2026-08-06T14:10:38.1731068Z Current status: deployment_in_progress
2026-08-06T14:10:43.1726824Z Getting Pages deployment status...
2026-08-06T14:10:43.2981551Z Current status: deployment_in_progress
2026-08-06T14:10:48.2978940Z Getting Pages deployment status...
2026-08-06T14:10:48.4054678Z Current status: deployment_in_progress
2026-08-06T14:10:53.4058679Z Getting Pages deployment status...
2026-08-06T14:10:53.5385825Z Current status: deployment_in_progress
2026-08-06T14:10:58.5392978Z Getting Pages deployment status...
2026-08-06T14:10:58.6526182Z Current status: deployment_in_progress
2026-08-06T14:11:03.6531468Z Getting Pages deployment status...
2026-08-06T14:11:03.7839475Z Current status: deployment_in_progress
2026-08-06T14:11:08.7844076Z Getting Pages deployment status...
2026-08-06T14:11:08.8880537Z Current status: deployment_in_progress
2026-08-06T14:11:13.8876913Z Getting Pages deployment status...
2026-08-06T14:11:14.0009783Z Current status: deployment_in_progress
2026-08-06T14:11:19.0015630Z Getting Pages deployment status...
2026-08-06T14:11:19.1173474Z Current status: deployment_in_progress
2026-08-06T14:11:24.1179849Z Getting Pages deployment status...
2026-08-06T14:11:24.3305600Z Current status: deployment_in_progress
2026-08-06T14:11:29.3311152Z Getting Pages deployment status...
2026-08-06T14:11:29.4562863Z Current status: deployment_in_progress
2026-08-06T14:11:34.4569222Z Getting Pages deployment status...
2026-08-06T14:11:34.5679547Z Current status: deployment_in_progress
2026-08-06T14:11:39.5684995Z Getting Pages deployment status...
2026-08-06T14:11:39.7155013Z Current status: deployment_in_progress
2026-08-06T14:11:44.7160263Z Getting Pages deployment status...
2026-08-06T14:11:44.8966121Z Current status: deployment_in_progress
2026-08-06T14:11:49.8971206Z Getting Pages deployment status...
2026-08-06T14:11:50.0021014Z Current status: deployment_in_progress
2026-08-06T14:11:55.0017069Z Getting Pages deployment status...
2026-08-06T14:11:55.1198905Z Current status: deployment_in_progress
2026-08-06T14:12:00.1193653Z Getting Pages deployment status...
2026-08-06T14:12:00.2665244Z Current status: deployment_in_progress
2026-08-06T14:12:05.2671069Z Getting Pages deployment status...
2026-08-06T14:12:05.4127620Z Current status: deployment_in_progress
2026-08-06T14:12:10.4133041Z Getting Pages deployment status...
2026-08-06T14:12:10.5310791Z Current status: deployment_in_progress
2026-08-06T14:12:15.5315915Z Getting Pages deployment status...
2026-08-06T14:12:15.6965779Z Current status: deployment_in_progress
2026-08-06T14:12:20.6970948Z Getting Pages deployment status...
2026-08-06T14:12:20.8038733Z Current status: deployment_in_progress
2026-08-06T14:12:25.8045356Z Getting Pages deployment status...
2026-08-06T14:12:25.9203067Z Current status: deployment_in_progress
2026-08-06T14:12:30.9208152Z Getting Pages deployment status...
2026-08-06T14:12:31.0534207Z Current status: deployment_in_progress
2026-08-06T14:12:36.0539236Z Getting Pages deployment status...
2026-08-06T14:12:36.1730223Z Current status: deployment_in_progress
2026-08-06T14:12:36.1753100Z ##[error]Timeout reached, aborting!
2026-08-06T14:12:36.1760909Z ##[error]Timeout reached, aborting!
2026-08-06T14:12:36.1761665Z Canceling Pages deployment...
2026-08-06T14:12:36.2832477Z Canceled deployment with ID 945f4d9bca7d8a77fad9b170115d161ee1f0c735
2026-08-06T14:12:36.3121951Z Evaluate and set environment url
2026-08-06T14:12:36.3127054Z Evaluated environment url: https://jeff-lecio.github.io/
2026-08-06T14:12:36.3127923Z Cleaning up orphan processes
2026-08-06T14:12:36.3420967Z ##[warning]Node.js 20 is deprecated. The following actions target Node.js 20 but are being forced to run on Node.js 24: actions/deploy-pages@v4. For more information see: https://github.blog/changelog/2025-09-19-deprecation-of-node-20-on-github-actions-runners/
